// Jest Snapshot v1, https://goo.gl/fbAQLP

exports[`MongoDB Initialization should initialize with credentials 1`] = `Map {}`;
